<?xml version="1.0" encoding="utf-8"?>
<TestRun id="7149d49e-9ee6-4bb8-81de-adca072d2197" name="@Samis-Mac-Pro 2026-07-24 14:56:51" xmlns="http://microsoft.com/schemas/VisualStudio/TeamTest/2010">
  <Times creation="2026-07-24T14:56:51.3630550-07:00" queuing="2026-07-24T14:56:51.3630560-07:00" start="2026-07-24T14:56:49.1746110-07:00" finish="2026-07-24T14:56:53.5799810-07:00" />
  <TestSettings name="default" id="3e06cb3c-6653-4ce4-9b4a-9afdeb6efc32">
    <Deployment runDeploymentRoot="_Samis-Mac-Pro_2026-07-24_14_56_51" />
  </TestSettings>
  <Results>
    <UnitTestResult executionId="729f0a30-b7f4-4f9a-a4a1-e68297b6554e" testId="dc73b797-394d-2757-bcba-fe9e8d47ecef" testName="Andy.Settings.Tests.Integration.ValueApiTests.SetValue_ReturnsOk" computerName="Samis-Mac-Pro" duration="00:00:00.0240013" startTime="2026-07-24T14:56:52.7340190-07:00" endTime="2026-07-24T14:56:52.7340190-07:00" testType="13cdc9d9-ddb5-4fa4-a97d-d965ccfc6d4b" outcome="Passed" testListId="8c84fa94-04c1-424b-9868-57a2d4851a1d" relativeResultsDirectory="729f0a30-b7f4-4f9a-a4a1-e68297b6554e" />
    <UnitTestResult executionId="c7ec5472-8d9d-4436-8e66-8cfce6607ccd" testId="b0f2893d-7dfb-5fc6-8f4f-2765996d403b" testName="Andy.Settings.Tests.Integration.BulkAndBatchApiTests.ResolveBatch_ReturnsMultipleResults" computerName="Samis-Mac-Pro" duration="00:00:00.0182646" startTime="2026-07-24T14:56:52.6982560-07:00" endTime="2026-07-24T14:56:52.6982560-07:00" testType="13cdc9d9-ddb5-4fa4-a97d-d965ccfc6d4b" outcome="Passed" testListId="8c84fa94-04c1-424b-9868-57a2d4851a1d" relativeResultsDirectory="c7ec5472-8d9d-4436-8e66-8cfce6607ccd" />
    <UnitTestResult executionId="4b2aa599-f77e-4d32-83d1-ec7abff1e698" testId="be062374-8aab-326d-978f-3e407b5d8392" testName="Andy.Settings.Tests.Integration.Telemetry.AndyTelemetryAdoptionTests.AddAndyTelemetry_registers_settings_source_and_meter" computerName="Samis-Mac-Pro" duration="00:00:00.0653266" startTime="2026-07-24T14:56:49.8526210-07:00" endTime="2026-07-24T14:56:49.8526570-07:00" testType="13cdc9d9-ddb5-4fa4-a97d-d965ccfc6d4b" outcome="Passed" testListId="8c84fa94-04c1-424b-9868-57a2d4851a1d" relativeResultsDirectory="4b2aa599-f77e-4d32-83d1-ec7abff1e698" />
    <UnitTestResult executionId="159d4672-8245-4c1a-9dc5-889953f616e9" testId="c49caf7e-9486-cd33-5ba1-3bca056eb944" testName="Andy.Settings.Tests.Integration.Messaging.Ak1GuardTests.Program_throws_when_provider_is_inmemory_outside_development(env: &quot;Docker&quot;)" computerName="Samis-Mac-Pro" duration="00:00:00.6556847" startTime="2026-07-24T14:56:50.4395010-07:00" endTime="2026-07-24T14:56:50.4395010-07:00" testType="13cdc9d9-ddb5-4fa4-a97d-d965ccfc6d4b" outcome="Passed" testListId="8c84fa94-04c1-424b-9868-57a2d4851a1d" relativeResultsDirectory="159d4672-8245-4c1a-9dc5-889953f616e9" />
    <UnitTestResult executionId="bfb0c765-c965-4e27-b61b-06184994a8d5" testId="46d9856a-1e1b-c02a-2c82-9024f96c22b5" testName="Andy.Settings.Tests.Integration.HealthTests.GetHealth_ReturnsOk" computerName="Samis-Mac-Pro" duration="00:00:02.5906731" startTime="2026-07-24T14:56:52.3747370-07:00" endTime="2026-07-24T14:56:52.3747370-07:00" testType="13cdc9d9-ddb5-4fa4-a97d-d965ccfc6d4b" outcome="Passed" testListId="8c84fa94-04c1-424b-9868-57a2d4851a1d" relativeResultsDirectory="bfb0c765-c965-4e27-b61b-06184994a8d5" />
    <UnitTestResult executionId="1b5c9d88-218e-4e8d-a8a3-935c1f9f8330" testId="7d0fb8c3-4f9c-997d-912c-2c760f3909b7" testName="Andy.Settings.Tests.Integration.ProviderKeySecretDefinitionTests.SetProviderKey_ForUndeclaredSlug_StillReturns404" computerName="Samis-Mac-Pro" duration="00:00:00.0128035" startTime="2026-07-24T14:56:52.7071700-07:00" endTime="2026-07-24T14:56:52.7071700-07:00" testType="13cdc9d9-ddb5-4fa4-a97d-d965ccfc6d4b" outcome="Passed" testListId="8c84fa94-04c1-424b-9868-57a2d4851a1d" relativeResultsDirectory="1b5c9d88-218e-4e8d-a8a3-935c1f9f8330" />
    <UnitTestResult executionId="7176f37b-174f-45d5-a442-5e1e510045d6" testId="1fff3880-b28f-027c-b704-2d2f06c32b2d" testName="Andy.Settings.Tests.Integration.DefinitionApiTests.CreateDefinition_ReturnsCreated" computerName="Samis-Mac-Pro" duration="00:00:00.0168806" startTime="2026-07-24T14:56:52.6575050-07:00" endTime="2026-07-24T14:56:52.6575050-07:00" testType="13cdc9d9-ddb5-4fa4-a97d-d965ccfc6d4b" outcome="Passed" testListId="8c84fa94-04c1-424b-9868-57a2d4851a1d" relativeResultsDirectory="7176f37b-174f-45d5-a442-5e1e510045d6" />
    <UnitTestResult executionId="afda19ea-1a24-4b07-92c7-ea7216bf34a0" testId="09fefc8c-8fe2-20c9-8d43-17556e1a58fc" testName="Andy.Settings.Tests.Integration.ExportApiTests.PreviewAndImport_AppliesValidatedDocument" computerName="Samis-Mac-Pro" duration="00:00:00.0952249" startTime="2026-07-24T14:56:52.6411090-07:00" endTime="2026-07-24T14:56:52.6411100-07:00" testType="13cdc9d9-ddb5-4fa4-a97d-d965ccfc6d4b" outcome="Passed" testListId="8c84fa94-04c1-424b-9868-57a2d4851a1d" relativeResultsDirectory="afda19ea-1a24-4b07-92c7-ea7216bf34a0" />
    <UnitTestResult executionId="c653c0a2-aa15-4dee-a02e-ef6503a66fb6" testId="4791cc9a-acfd-012a-bdd0-98d1b6ed1d7b" testName="Andy.Settings.Tests.Integration.Messaging.Ak1GuardTests.Program_throws_when_provider_is_inmemory_outside_development(env: &quot;Embedded&quot;)" computerName="Samis-Mac-Pro" duration="00:00:00.2967311" startTime="2026-07-24T14:56:50.7362990-07:00" endTime="2026-07-24T14:56:50.7363000-07:00" testType="13cdc9d9-ddb5-4fa4-a97d-d965ccfc6d4b" outcome="Passed" testListId="8c84fa94-04c1-424b-9868-57a2d4851a1d" relativeResultsDirectory="c653c0a2-aa15-4dee-a02e-ef6503a66fb6" />
    <UnitTestResult executionId="6dc08c6d-c5b3-4e4b-a250-21c1e618bc23" testId="2f0216d7-d580-df8f-441c-4adc89f3970e" testName="Andy.Settings.Tests.Integration.ExportApiTests.Export_ReturnsOkWithData" computerName="Samis-Mac-Pro" duration="00:00:00.0429193" startTime="2026-07-24T14:56:52.6844500-07:00" endTime="2026-07-24T14:56:52.6844500-07:00" testType="13cdc9d9-ddb5-4fa4-a97d-d965ccfc6d4b" outcome="Passed" testListId="8c84fa94-04c1-424b-9868-57a2d4851a1d" relativeResultsDirectory="6dc08c6d-c5b3-4e4b-a250-21c1e618bc23" />
    <UnitTestResult executionId="ffd15b1b-7a53-4ea5-9436-ffa3401c5ea5" testId="8f73e4bf-b4be-60a0-3ce8-a76665d2d03a" testName="Andy.Settings.Tests.Integration.SecretApiTests.RotateSecret_ReturnsOkWithNewValue" computerName="Samis-Mac-Pro" duration="00:00:00.0520855" startTime="2026-07-24T14:56:52.7134120-07:00" endTime="2026-07-24T14:56:52.7134130-07:00" testType="13cdc9d9-ddb5-4fa4-a97d-d965ccfc6d4b" outcome="Passed" testListId="8c84fa94-04c1-424b-9868-57a2d4851a1d" relativeResultsDirectory="ffd15b1b-7a53-4ea5-9436-ffa3401c5ea5" />
    <UnitTestResult executionId="f200d3a3-05b7-4672-9e7a-e0292d370055" testId="369500e5-15df-7f32-4e6e-1e3a15c3a4ad" testName="Andy.Settings.Tests.Integration.EffectiveApiTests.Explain_ReturnsOkWithSourceChain" computerName="Samis-Mac-Pro" duration="00:00:02.7529956" startTime="2026-07-24T14:56:52.5331920-07:00" endTime="2026-07-24T14:56:52.5331920-07:00" testType="13cdc9d9-ddb5-4fa4-a97d-d965ccfc6d4b" outcome="Passed" testListId="8c84fa94-04c1-424b-9868-57a2d4851a1d" relativeResultsDirectory="f200d3a3-05b7-4672-9e7a-e0292d370055" />
    <UnitTestResult executionId="08dde69f-3e25-425d-b15d-8e7fa5691254" testId="335705f9-36fc-6a18-c002-c8bbe1c3dd05" testName="Andy.Settings.Tests.Integration.SecretApiTests.GetSecret_ReturnsValueThatMatchesOriginal" computerName="Samis-Mac-Pro" duration="00:00:00.0252128" startTime="2026-07-24T14:56:52.7389560-07:00" endTime="2026-07-24T14:56:52.7389560-07:00" testType="13cdc9d9-ddb5-4fa4-a97d-d965ccfc6d4b" outcome="Passed" testListId="8c84fa94-04c1-424b-9868-57a2d4851a1d" relativeResultsDirectory="08dde69f-3e25-425d-b15d-8e7fa5691254" />
    <UnitTestResult executionId="d5b314a7-fb8e-4fa5-9696-7ce6caf1cf04" testId="7eb82d33-8ac6-12f9-bbcf-4e0b059a91cf" testName="Andy.Settings.Tests.Integration.BulkAndBatchApiTests.BulkSet_ReturnsNoContent" computerName="Samis-Mac-Pro" duration="00:00:02.8993890" startTime="2026-07-24T14:56:52.6795530-07:00" endTime="2026-07-24T14:56:52.6795540-07:00" testType="13cdc9d9-ddb5-4fa4-a97d-d965ccfc6d4b" outcome="Passed" testListId="8c84fa94-04c1-424b-9868-57a2d4851a1d" relativeResultsDirectory="d5b314a7-fb8e-4fa5-9696-7ce6caf1cf04" />
    <UnitTestResult executionId="a06487a5-7da8-4421-93e4-cfb28bd2463b" testId="9bb62ad8-1e13-4629-2083-aebdf679ed94" testName="Andy.Settings.Tests.Integration.SecretApiTests.DeleteSecret_ReturnsNoContent" computerName="Samis-Mac-Pro" duration="00:00:00.0338216" startTime="2026-07-24T14:56:52.7731510-07:00" endTime="2026-07-24T14:56:52.7731520-07:00" testType="13cdc9d9-ddb5-4fa4-a97d-d965ccfc6d4b" outcome="Passed" testListId="8c84fa94-04c1-424b-9868-57a2d4851a1d" relativeResultsDirectory="a06487a5-7da8-4421-93e4-cfb28bd2463b" />
    <UnitTestResult executionId="c6048b74-b48e-4cb7-8dbe-cf5b1ccb3a4c" testId="ea5ad544-7334-28ae-366b-c65c868e08b5" testName="Andy.Settings.Tests.Integration.ValueApiTests.DeleteValue_ReturnsNoContent" computerName="Samis-Mac-Pro" duration="00:00:02.9296517" startTime="2026-07-24T14:56:52.7096500-07:00" endTime="2026-07-24T14:56:52.7096500-07:00" testType="13cdc9d9-ddb5-4fa4-a97d-d965ccfc6d4b" outcome="Passed" testListId="8c84fa94-04c1-424b-9868-57a2d4851a1d" relativeResultsDirectory="c6048b74-b48e-4cb7-8dbe-cf5b1ccb3a4c" />
    <UnitTestResult executionId="129158f6-4884-459e-bbb6-d02c452b34ef" testId="4b5b17e1-bcab-1847-a0e0-701c311ae380" testName="Andy.Settings.Tests.Integration.ProviderKeySecretDefinitionTests.SetAnthropicProviderKey_WithManifestSeededDefinition_Succeeds" computerName="Samis-Mac-Pro" duration="00:00:02.9138057" startTime="2026-07-24T14:56:52.6940350-07:00" endTime="2026-07-24T14:56:52.6940350-07:00" testType="13cdc9d9-ddb5-4fa4-a97d-d965ccfc6d4b" outcome="Passed" testListId="8c84fa94-04c1-424b-9868-57a2d4851a1d" relativeResultsDirectory="129158f6-4884-459e-bbb6-d02c452b34ef" />
    <UnitTestResult executionId="73697486-55db-44bd-ad1b-30ca0e5a351e" testId="e8b841e2-07e4-9563-78d7-a105dad70ee6" testName="Andy.Settings.Tests.Integration.Messaging.Ak1GuardTests.Program_throws_when_provider_is_inmemory_outside_development(env: &quot;Production&quot;)" computerName="Samis-Mac-Pro" duration="00:00:00.2063713" startTime="2026-07-24T14:56:51.3322030-07:00" endTime="2026-07-24T14:56:51.3322030-07:00" testType="13cdc9d9-ddb5-4fa4-a97d-d965ccfc6d4b" outcome="Passed" testListId="8c84fa94-04c1-424b-9868-57a2d4851a1d" relativeResultsDirectory="73697486-55db-44bd-ad1b-30ca0e5a351e" />
    <UnitTestResult executionId="f39c25ce-79c5-4bec-ac31-3fbf34c50868" testId="1a4a4af9-5613-e969-8d18-2920b5f8895c" testName="Andy.Settings.Tests.Integration.DefinitionApiTests.DeleteDefinition_WithExistingKey_ReturnsNoContent" computerName="Samis-Mac-Pro" duration="00:00:00.0211100" startTime="2026-07-24T14:56:52.7115590-07:00" endTime="2026-07-24T14:56:52.7115590-07:00" testType="13cdc9d9-ddb5-4fa4-a97d-d965ccfc6d4b" outcome="Passed" testListId="8c84fa94-04c1-424b-9868-57a2d4851a1d" relativeResultsDirectory="f39c25ce-79c5-4bec-ac31-3fbf34c50868" />
    <UnitTestResult executionId="4f36b04d-30c6-448f-8c29-4c5b475e8be0" testId="bc2bf7d4-7f7c-000c-0ba2-99be073818b1" testName="Andy.Settings.Tests.Integration.Messaging.Ak1GuardTests.Program_boots_when_environment_is_development" computerName="Samis-Mac-Pro" duration="00:00:00.9181124" startTime="2026-07-24T14:56:52.2503610-07:00" endTime="2026-07-24T14:56:52.2503620-07:00" testType="13cdc9d9-ddb5-4fa4-a97d-d965ccfc6d4b" outcome="Passed" testListId="8c84fa94-04c1-424b-9868-57a2d4851a1d" relativeResultsDirectory="4f36b04d-30c6-448f-8c29-4c5b475e8be0" />
    <UnitTestResult executionId="6d523963-0c94-41b8-b1c3-1c3038a6b455" testId="e57e9bda-aad8-d3b7-5a7e-1fb2cd88f96a" testName="Andy.Settings.Tests.Integration.ExportApiTests.Preview_RejectsPlaintextSecretAssignments" computerName="Samis-Mac-Pro" duration="00:00:02.7652792" startTime="2026-07-24T14:56:52.5454550-07:00" endTime="2026-07-24T14:56:52.5454550-07:00" testType="13cdc9d9-ddb5-4fa4-a97d-d965ccfc6d4b" outcome="Passed" testListId="8c84fa94-04c1-424b-9868-57a2d4851a1d" relativeResultsDirectory="6d523963-0c94-41b8-b1c3-1c3038a6b455" />
    <UnitTestResult executionId="3b9e3c51-e2da-4cb2-8508-4144b13df72b" testId="e0c8eb6e-bf13-7a29-3a17-4fce9f7a5589" testName="Andy.Settings.Tests.Integration.AuditApiTests.AfterSettingValue_AuditContainsCreatedEvent" computerName="Samis-Mac-Pro" duration="00:00:00.1582326" startTime="2026-07-24T14:56:52.6921500-07:00" endTime="2026-07-24T14:56:52.6921500-07:00" testType="13cdc9d9-ddb5-4fa4-a97d-d965ccfc6d4b" outcome="Passed" testListId="8c84fa94-04c1-424b-9868-57a2d4851a1d" relativeResultsDirectory="3b9e3c51-e2da-4cb2-8508-4144b13df72b" />
    <UnitTestResult executionId="380aa28e-f1c4-4648-8334-a3feeb0aa83b" testId="a2a8fb13-4854-ca63-db91-2ac82c54e654" testName="Andy.Settings.Tests.Integration.Messaging.OutboxEmissionTests.Setting_a_value_writes_outbox_row_with_app_scoped_subject" computerName="Samis-Mac-Pro" duration="00:00:00.0116836" startTime="2026-07-24T14:56:52.7673450-07:00" endTime="2026-07-24T14:56:52.7673450-07:00" testType="13cdc9d9-ddb5-4fa4-a97d-d965ccfc6d4b" outcome="Passed" testListId="8c84fa94-04c1-424b-9868-57a2d4851a1d" relativeResultsDirectory="380aa28e-f1c4-4648-8334-a3feeb0aa83b" />
    <UnitTestResult executionId="8f542b4e-a75a-4e6b-882b-b29ecdcfcff2" testId="d0f38aac-eb2c-0552-fa1f-14a34782bbc6" testName="Andy.Settings.Tests.Integration.AuditApiTests.GetAudit_ReturnsOk" computerName="Samis-Mac-Pro" duration="00:00:02.7534881" startTime="2026-07-24T14:56:52.5335230-07:00" endTime="2026-07-24T14:56:52.5335230-07:00" testType="13cdc9d9-ddb5-4fa4-a97d-d965ccfc6d4b" outcome="Passed" testListId="8c84fa94-04c1-424b-9868-57a2d4851a1d" relativeResultsDirectory="8f542b4e-a75a-4e6b-882b-b29ecdcfcff2" />
    <UnitTestResult executionId="89a20044-c4ab-4346-8f04-a95bd08f16aa" testId="c289163b-ceb0-d29f-3c53-7183f57b83cf" testName="Andy.Settings.Tests.Integration.Messaging.Ak1GuardTests.Program_throws_when_provider_is_inmemory_outside_development(env: &quot;Staging&quot;)" computerName="Samis-Mac-Pro" duration="00:00:00.3893472" startTime="2026-07-24T14:56:51.1257370-07:00" endTime="2026-07-24T14:56:51.1257370-07:00" testType="13cdc9d9-ddb5-4fa4-a97d-d965ccfc6d4b" outcome="Passed" testListId="8c84fa94-04c1-424b-9868-57a2d4851a1d" relativeResultsDirectory="89a20044-c4ab-4346-8f04-a95bd08f16aa" />
    <UnitTestResult executionId="e95087b4-c2d2-44c1-a39b-ddca7d331f4b" testId="c032615a-baa4-fdc9-2df1-37d039c5b4d8" testName="Andy.Settings.Tests.Integration.Telemetry.AndyTelemetryAdoptionTests.SettingsActivitySource_emits_when_listened_to" computerName="Samis-Mac-Pro" duration="00:00:00.0043299" startTime="2026-07-24T14:56:49.8581120-07:00" endTime="2026-07-24T14:56:49.8581130-07:00" testType="13cdc9d9-ddb5-4fa4-a97d-d965ccfc6d4b" outcome="Passed" testListId="8c84fa94-04c1-424b-9868-57a2d4851a1d" relativeResultsDirectory="e95087b4-c2d2-44c1-a39b-ddca7d331f4b" />
    <UnitTestResult executionId="5b361e05-8380-4e6c-99ea-e3fcba9874ca" testId="f34019f2-8f32-2a35-5c89-855f36467235" testName="Andy.Settings.Tests.Integration.ProviderKeySecretDefinitionTests.EveryCatalogProviderSlug_AcceptsAKeyWrite" computerName="Samis-Mac-Pro" duration="00:00:00.5997398" startTime="2026-07-24T14:56:53.3072850-07:00" endTime="2026-07-24T14:56:53.3072850-07:00" testType="13cdc9d9-ddb5-4fa4-a97d-d965ccfc6d4b" outcome="Passed" testListId="8c84fa94-04c1-424b-9868-57a2d4851a1d" relativeResultsDirectory="5b361e05-8380-4e6c-99ea-e3fcba9874ca" />
    <UnitTestResult executionId="be6762da-3d8b-4ef8-8877-fb1ce9111443" testId="0f9353c5-041a-0f5c-0003-f90a6755a6bc" testName="Andy.Settings.Tests.Integration.Telemetry.AndyTelemetryAdoptionTests.ResolutionsCounter_isOnTheCanonicalMeter" computerName="Samis-Mac-Pro" duration="00:00:00.0015775" startTime="2026-07-24T14:56:49.8568900-07:00" endTime="2026-07-24T14:56:49.8568900-07:00" testType="13cdc9d9-ddb5-4fa4-a97d-d965ccfc6d4b" outcome="Passed" testListId="8c84fa94-04c1-424b-9868-57a2d4851a1d" relativeResultsDirectory="be6762da-3d8b-4ef8-8877-fb1ce9111443" />
    <UnitTestResult executionId="f03e2d7f-7737-47da-8c3f-189878cd03f9" testId="a8ccac9c-3286-98af-ae59-69c94f73b27b" testName="Andy.Settings.Tests.Integration.EffectiveApiTests.SettingUserScopedValue_ChangesEffectiveValueForThatUser" computerName="Samis-Mac-Pro" duration="00:00:00.1173656" startTime="2026-07-24T14:56:52.6647880-07:00" endTime="2026-07-24T14:56:52.6647880-07:00" testType="13cdc9d9-ddb5-4fa4-a97d-d965ccfc6d4b" outcome="Passed" testListId="8c84fa94-04c1-424b-9868-57a2d4851a1d" relativeResultsDirectory="f03e2d7f-7737-47da-8c3f-189878cd03f9" />
    <UnitTestResult executionId="eba0ab44-6ba5-4982-9f0a-eba48edc9d62" testId="129f63c8-4cc8-0279-6c74-b28f79a36a5d" testName="Andy.Settings.Tests.Integration.EffectiveApiTests.Resolve_ReturnsOkWithEffectiveValue" computerName="Samis-Mac-Pro" duration="00:00:00.0134249" startTime="2026-07-24T14:56:52.5470370-07:00" endTime="2026-07-24T14:56:52.5470370-07:00" testType="13cdc9d9-ddb5-4fa4-a97d-d965ccfc6d4b" outcome="Passed" testListId="8c84fa94-04c1-424b-9868-57a2d4851a1d" relativeResultsDirectory="eba0ab44-6ba5-4982-9f0a-eba48edc9d62" />
    <UnitTestResult executionId="10acfe0f-24e5-4307-90b9-c17adc078cb8" testId="197e7472-5d0b-27db-a774-eafc818bb5c4" testName="Andy.Settings.Tests.Integration.SecretApiTests.SetSecret_ReturnsCreated" computerName="Samis-Mac-Pro" duration="00:00:00.0559355" startTime="2026-07-24T14:56:52.6610090-07:00" endTime="2026-07-24T14:56:52.6610090-07:00" testType="13cdc9d9-ddb5-4fa4-a97d-d965ccfc6d4b" outcome="Passed" testListId="8c84fa94-04c1-424b-9868-57a2d4851a1d" relativeResultsDirectory="10acfe0f-24e5-4307-90b9-c17adc078cb8" />
    <UnitTestResult executionId="afe2b59b-4f26-488f-b0bf-e8bb492ab723" testId="a2082fd5-964b-e57f-a027-bed89b6b229c" testName="Andy.Settings.Tests.Integration.DefinitionApiTests.UpdateDefinition_WithExistingKey_ReturnsOk" computerName="Samis-Mac-Pro" duration="00:00:02.7782612" startTime="2026-07-24T14:56:52.5583330-07:00" endTime="2026-07-24T14:56:52.5583330-07:00" testType="13cdc9d9-ddb5-4fa4-a97d-d965ccfc6d4b" outcome="Passed" testListId="8c84fa94-04c1-424b-9868-57a2d4851a1d" relativeResultsDirectory="afe2b59b-4f26-488f-b0bf-e8bb492ab723" />
    <UnitTestResult executionId="58aeacc4-1f5e-458a-9b26-13390d031d7f" testId="b30b72ee-4367-1307-8727-f89527017698" testName="Andy.Settings.Tests.Integration.ValueApiTests.ListValues_ReturnsOk" computerName="Samis-Mac-Pro" duration="00:00:00.0229749" startTime="2026-07-24T14:56:52.7574060-07:00" endTime="2026-07-24T14:56:52.7574060-07:00" testType="13cdc9d9-ddb5-4fa4-a97d-d965ccfc6d4b" outcome="Passed" testListId="8c84fa94-04c1-424b-9868-57a2d4851a1d" relativeResultsDirectory="58aeacc4-1f5e-458a-9b26-13390d031d7f" />
    <UnitTestResult executionId="f2332876-132d-44ed-a1ea-7ab0a83e1054" testId="7f0cc36a-c5fa-e490-2f4a-4399d26aca69" testName="Andy.Settings.Tests.Integration.Messaging.OutboxEmissionTests.Updating_a_value_emits_updated_subject" computerName="Samis-Mac-Pro" duration="00:00:02.9063981" startTime="2026-07-24T14:56:52.6903160-07:00" endTime="2026-07-24T14:56:52.6903160-07:00" testType="13cdc9d9-ddb5-4fa4-a97d-d965ccfc6d4b" outcome="Passed" testListId="8c84fa94-04c1-424b-9868-57a2d4851a1d" relativeResultsDirectory="f2332876-132d-44ed-a1ea-7ab0a83e1054" />
    <UnitTestResult executionId="d3c99225-f979-4a5e-b828-f731e08cbf64" testId="1cac3bfa-7602-a726-94a1-ad194a6bdd52" testName="Andy.Settings.Tests.Integration.DefinitionApiTests.GetDefinition_WithNonExistentKey_ReturnsNotFound" computerName="Samis-Mac-Pro" duration="00:00:00.0322416" startTime="2026-07-24T14:56:52.6901380-07:00" endTime="2026-07-24T14:56:52.6901390-07:00" testType="13cdc9d9-ddb5-4fa4-a97d-d965ccfc6d4b" outcome="Passed" testListId="8c84fa94-04c1-424b-9868-57a2d4851a1d" relativeResultsDirectory="d3c99225-f979-4a5e-b828-f731e08cbf64" />
    <UnitTestResult executionId="f8ab3bc7-b16b-45c9-a4b0-514a0f18cb5a" testId="32b2e4f0-b05e-6fd6-cbe6-b30e9c3f6b54" testName="Andy.Settings.Tests.Integration.DefinitionApiTests.GetDefinition_WithExistingKey_ReturnsOk" computerName="Samis-Mac-Pro" duration="00:00:00.0327004" startTime="2026-07-24T14:56:52.5914150-07:00" endTime="2026-07-24T14:56:52.5914150-07:00" testType="13cdc9d9-ddb5-4fa4-a97d-d965ccfc6d4b" outcome="Passed" testListId="8c84fa94-04c1-424b-9868-57a2d4851a1d" relativeResultsDirectory="f8ab3bc7-b16b-45c9-a4b0-514a0f18cb5a" />
    <UnitTestResult executionId="65b3f9a7-d713-4f37-9b6a-67b66437b834" testId="8d88cb41-786f-f1f6-4348-ac8871578eac" testName="Andy.Settings.Tests.Integration.DefinitionApiTests.ListDefinitions_ReturnsOkWithSeededData" computerName="Samis-Mac-Pro" duration="00:00:00.0483685" startTime="2026-07-24T14:56:52.6402120-07:00" endTime="2026-07-24T14:56:52.6402130-07:00" testType="13cdc9d9-ddb5-4fa4-a97d-d965ccfc6d4b" outcome="Passed" testListId="8c84fa94-04c1-424b-9868-57a2d4851a1d" relativeResultsDirectory="65b3f9a7-d713-4f37-9b6a-67b66437b834" />
    <UnitTestResult executionId="a1546cf1-8b07-4307-9cba-0bad48a90888" testId="ea1ce3ff-7a92-0df4-1398-e59ea814fd90" testName="Andy.Settings.Tests.Integration.SecretApiTests.OrdinaryValuesEndpoint_RejectsSecretPlaintext" computerName="Samis-Mac-Pro" duration="00:00:02.8242394" startTime="2026-07-24T14:56:52.6043060-07:00" endTime="2026-07-24T14:56:52.6043060-07:00" testType="13cdc9d9-ddb5-4fa4-a97d-d965ccfc6d4b" outcome="Passed" testListId="8c84fa94-04c1-424b-9868-57a2d4851a1d" relativeResultsDirectory="a1546cf1-8b07-4307-9cba-0bad48a90888" />
    <UnitTestResult executionId="7647c7ce-8143-49df-b398-e053597549cf" testId="25e22a4b-5a97-457d-b6ef-ec3189b6dc0a" testName="Andy.Settings.Tests.Integration.Messaging.OutboxEmissionTests.OutboxDispatcher_publishes_row_and_marks_it_dispatched" computerName="Samis-Mac-Pro" duration="00:00:00.0646139" startTime="2026-07-24T14:56:52.7553260-07:00" endTime="2026-07-24T14:56:52.7553260-07:00" testType="13cdc9d9-ddb5-4fa4-a97d-d965ccfc6d4b" outcome="Passed" testListId="8c84fa94-04c1-424b-9868-57a2d4851a1d" relativeResultsDirectory="7647c7ce-8143-49df-b398-e053597549cf" />
  </Results>
  <TestDefinitions>
    <UnitTest name="Andy.Settings.Tests.Integration.Messaging.Ak1GuardTests.Program_throws_when_provider_is_inmemory_outside_development(env: &quot;Staging&quot;)" storage="/users/samibengrine/devel/rivoli-ai/andy-settings/tests/andy.settings.tests.integration/bin/debug/net8.0/andy.settings.tests.integration.dll" id="c289163b-ceb0-d29f-3c53-7183f57b83cf">
      <Execution id="89a20044-c4ab-4346-8f04-a95bd08f16aa" />
      <TestMethod codeBase="/Users/samibengrine/Devel/rivoli-ai/andy-settings/tests/Andy.Settings.Tests.Integration/bin/Debug/net8.0/Andy.Settings.Tests.Integration.dll" adapterTypeName="executor://xunit/VsTestRunner2/netcoreapp" className="Andy.Settings.Tests.Integration.Messaging.Ak1GuardTests" name="Program_throws_when_provider_is_inmemory_outside_development" />
    </UnitTest>
    <UnitTest name="Andy.Settings.Tests.Integration.Messaging.Ak1GuardTests.Program_throws_when_provider_is_inmemory_outside_development(env: &quot;Docker&quot;)" storage="/users/samibengrine/devel/rivoli-ai/andy-settings/tests/andy.settings.tests.integration/bin/debug/net8.0/andy.settings.tests.integration.dll" id="c49caf7e-9486-cd33-5ba1-3bca056eb944">
      <Execution id="159d4672-8245-4c1a-9dc5-889953f616e9" />
      <TestMethod codeBase="/Users/samibengrine/Devel/rivoli-ai/andy-settings/tests/Andy.Settings.Tests.Integration/bin/Debug/net8.0/Andy.Settings.Tests.Integration.dll" adapterTypeName="executor://xunit/VsTestRunner2/netcoreapp" className="Andy.Settings.Tests.Integration.Messaging.Ak1GuardTests" name="Program_throws_when_provider_is_inmemory_outside_development" />
    </UnitTest>
    <UnitTest name="Andy.Settings.Tests.Integration.ProviderKeySecretDefinitionTests.EveryCatalogProviderSlug_AcceptsAKeyWrite" storage="/users/samibengrine/devel/rivoli-ai/andy-settings/tests/andy.settings.tests.integration/bin/debug/net8.0/andy.settings.tests.integration.dll" id="f34019f2-8f32-2a35-5c89-855f36467235">
      <Execution id="5b361e05-8380-4e6c-99ea-e3fcba9874ca" />
      <TestMethod codeBase="/Users/samibengrine/Devel/rivoli-ai/andy-settings/tests/Andy.Settings.Tests.Integration/bin/Debug/net8.0/Andy.Settings.Tests.Integration.dll" adapterTypeName="executor://xunit/VsTestRunner2/netcoreapp" className="Andy.Settings.Tests.Integration.ProviderKeySecretDefinitionTests" name="EveryCatalogProviderSlug_AcceptsAKeyWrite" />
    </UnitTest>
    <UnitTest name="Andy.Settings.Tests.Integration.Messaging.OutboxEmissionTests.Updating_a_value_emits_updated_subject" storage="/users/samibengrine/devel/rivoli-ai/andy-settings/tests/andy.settings.tests.integration/bin/debug/net8.0/andy.settings.tests.integration.dll" id="7f0cc36a-c5fa-e490-2f4a-4399d26aca69">
      <Execution id="f2332876-132d-44ed-a1ea-7ab0a83e1054" />
      <TestMethod codeBase="/Users/samibengrine/Devel/rivoli-ai/andy-settings/tests/Andy.Settings.Tests.Integration/bin/Debug/net8.0/Andy.Settings.Tests.Integration.dll" adapterTypeName="executor://xunit/VsTestRunner2/netcoreapp" className="Andy.Settings.Tests.Integration.Messaging.OutboxEmissionTests" name="Updating_a_value_emits_updated_subject" />
    </UnitTest>
    <UnitTest name="Andy.Settings.Tests.Integration.DefinitionApiTests.GetDefinition_WithNonExistentKey_ReturnsNotFound" storage="/users/samibengrine/devel/rivoli-ai/andy-settings/tests/andy.settings.tests.integration/bin/debug/net8.0/andy.settings.tests.integration.dll" id="1cac3bfa-7602-a726-94a1-ad194a6bdd52">
      <Execution id="d3c99225-f979-4a5e-b828-f731e08cbf64" />
      <TestMethod codeBase="/Users/samibengrine/Devel/rivoli-ai/andy-settings/tests/Andy.Settings.Tests.Integration/bin/Debug/net8.0/Andy.Settings.Tests.Integration.dll" adapterTypeName="executor://xunit/VsTestRunner2/netcoreapp" className="Andy.Settings.Tests.Integration.DefinitionApiTests" name="GetDefinition_WithNonExistentKey_ReturnsNotFound" />
    </UnitTest>
    <UnitTest name="Andy.Settings.Tests.Integration.SecretApiTests.GetSecret_ReturnsValueThatMatchesOriginal" storage="/users/samibengrine/devel/rivoli-ai/andy-settings/tests/andy.settings.tests.integration/bin/debug/net8.0/andy.settings.tests.integration.dll" id="335705f9-36fc-6a18-c002-c8bbe1c3dd05">
      <Execution id="08dde69f-3e25-425d-b15d-8e7fa5691254" />
      <TestMethod codeBase="/Users/samibengrine/Devel/rivoli-ai/andy-settings/tests/Andy.Settings.Tests.Integration/bin/Debug/net8.0/Andy.Settings.Tests.Integration.dll" adapterTypeName="executor://xunit/VsTestRunner2/netcoreapp" className="Andy.Settings.Tests.Integration.SecretApiTests" name="GetSecret_ReturnsValueThatMatchesOriginal" />
    </UnitTest>
    <UnitTest name="Andy.Settings.Tests.Integration.BulkAndBatchApiTests.ResolveBatch_ReturnsMultipleResults" storage="/users/samibengrine/devel/rivoli-ai/andy-settings/tests/andy.settings.tests.integration/bin/debug/net8.0/andy.settings.tests.integration.dll" id="b0f2893d-7dfb-5fc6-8f4f-2765996d403b">
      <Execution id="c7ec5472-8d9d-4436-8e66-8cfce6607ccd" />
      <TestMethod codeBase="/Users/samibengrine/Devel/rivoli-ai/andy-settings/tests/Andy.Settings.Tests.Integration/bin/Debug/net8.0/Andy.Settings.Tests.Integration.dll" adapterTypeName="executor://xunit/VsTestRunner2/netcoreapp" className="Andy.Settings.Tests.Integration.BulkAndBatchApiTests" name="ResolveBatch_ReturnsMultipleResults" />
    </UnitTest>
    <UnitTest name="Andy.Settings.Tests.Integration.AuditApiTests.AfterSettingValue_AuditContainsCreatedEvent" storage="/users/samibengrine/devel/rivoli-ai/andy-settings/tests/andy.settings.tests.integration/bin/debug/net8.0/andy.settings.tests.integration.dll" id="e0c8eb6e-bf13-7a29-3a17-4fce9f7a5589">
      <Execution id="3b9e3c51-e2da-4cb2-8508-4144b13df72b" />
      <TestMethod codeBase="/Users/samibengrine/Devel/rivoli-ai/andy-settings/tests/Andy.Settings.Tests.Integration/bin/Debug/net8.0/Andy.Settings.Tests.Integration.dll" adapterTypeName="executor://xunit/VsTestRunner2/netcoreapp" className="Andy.Settings.Tests.Integration.AuditApiTests" name="AfterSettingValue_AuditContainsCreatedEvent" />
    </UnitTest>
    <UnitTest name="Andy.Settings.Tests.Integration.Messaging.OutboxEmissionTests.OutboxDispatcher_publishes_row_and_marks_it_dispatched" storage="/users/samibengrine/devel/rivoli-ai/andy-settings/tests/andy.settings.tests.integration/bin/debug/net8.0/andy.settings.tests.integration.dll" id="25e22a4b-5a97-457d-b6ef-ec3189b6dc0a">
      <Execution id="7647c7ce-8143-49df-b398-e053597549cf" />
      <TestMethod codeBase="/Users/samibengrine/Devel/rivoli-ai/andy-settings/tests/Andy.Settings.Tests.Integration/bin/Debug/net8.0/Andy.Settings.Tests.Integration.dll" adapterTypeName="executor://xunit/VsTestRunner2/netcoreapp" className="Andy.Settings.Tests.Integration.Messaging.OutboxEmissionTests" name="OutboxDispatcher_publishes_row_and_marks_it_dispatched" />
    </UnitTest>
    <UnitTest name="Andy.Settings.Tests.Integration.DefinitionApiTests.GetDefinition_WithExistingKey_ReturnsOk" storage="/users/samibengrine/devel/rivoli-ai/andy-settings/tests/andy.settings.tests.integration/bin/debug/net8.0/andy.settings.tests.integration.dll" id="32b2e4f0-b05e-6fd6-cbe6-b30e9c3f6b54">
      <Execution id="f8ab3bc7-b16b-45c9-a4b0-514a0f18cb5a" />
      <TestMethod codeBase="/Users/samibengrine/Devel/rivoli-ai/andy-settings/tests/Andy.Settings.Tests.Integration/bin/Debug/net8.0/Andy.Settings.Tests.Integration.dll" adapterTypeName="executor://xunit/VsTestRunner2/netcoreapp" className="Andy.Settings.Tests.Integration.DefinitionApiTests" name="GetDefinition_WithExistingKey_ReturnsOk" />
    </UnitTest>
    <UnitTest name="Andy.Settings.Tests.Integration.DefinitionApiTests.ListDefinitions_ReturnsOkWithSeededData" storage="/users/samibengrine/devel/rivoli-ai/andy-settings/tests/andy.settings.tests.integration/bin/debug/net8.0/andy.settings.tests.integration.dll" id="8d88cb41-786f-f1f6-4348-ac8871578eac">
      <Execution id="65b3f9a7-d713-4f37-9b6a-67b66437b834" />
      <TestMethod codeBase="/Users/samibengrine/Devel/rivoli-ai/andy-settings/tests/Andy.Settings.Tests.Integration/bin/Debug/net8.0/Andy.Settings.Tests.Integration.dll" adapterTypeName="executor://xunit/VsTestRunner2/netcoreapp" className="Andy.Settings.Tests.Integration.DefinitionApiTests" name="ListDefinitions_ReturnsOkWithSeededData" />
    </UnitTest>
    <UnitTest name="Andy.Settings.Tests.Integration.BulkAndBatchApiTests.BulkSet_ReturnsNoContent" storage="/users/samibengrine/devel/rivoli-ai/andy-settings/tests/andy.settings.tests.integration/bin/debug/net8.0/andy.settings.tests.integration.dll" id="7eb82d33-8ac6-12f9-bbcf-4e0b059a91cf">
      <Execution id="d5b314a7-fb8e-4fa5-9696-7ce6caf1cf04" />
      <TestMethod codeBase="/Users/samibengrine/Devel/rivoli-ai/andy-settings/tests/Andy.Settings.Tests.Integration/bin/Debug/net8.0/Andy.Settings.Tests.Integration.dll" adapterTypeName="executor://xunit/VsTestRunner2/netcoreapp" className="Andy.Settings.Tests.Integration.BulkAndBatchApiTests" name="BulkSet_ReturnsNoContent" />
    </UnitTest>
    <UnitTest name="Andy.Settings.Tests.Integration.DefinitionApiTests.UpdateDefinition_WithExistingKey_ReturnsOk" storage="/users/samibengrine/devel/rivoli-ai/andy-settings/tests/andy.settings.tests.integration/bin/debug/net8.0/andy.settings.tests.integration.dll" id="a2082fd5-964b-e57f-a027-bed89b6b229c">
      <Execution id="afe2b59b-4f26-488f-b0bf-e8bb492ab723" />
      <TestMethod codeBase="/Users/samibengrine/Devel/rivoli-ai/andy-settings/tests/Andy.Settings.Tests.Integration/bin/Debug/net8.0/Andy.Settings.Tests.Integration.dll" adapterTypeName="executor://xunit/VsTestRunner2/netcoreapp" className="Andy.Settings.Tests.Integration.DefinitionApiTests" name="UpdateDefinition_WithExistingKey_ReturnsOk" />
    </UnitTest>
    <UnitTest name="Andy.Settings.Tests.Integration.SecretApiTests.SetSecret_ReturnsCreated" storage="/users/samibengrine/devel/rivoli-ai/andy-settings/tests/andy.settings.tests.integration/bin/debug/net8.0/andy.settings.tests.integration.dll" id="197e7472-5d0b-27db-a774-eafc818bb5c4">
      <Execution id="10acfe0f-24e5-4307-90b9-c17adc078cb8" />
      <TestMethod codeBase="/Users/samibengrine/Devel/rivoli-ai/andy-settings/tests/Andy.Settings.Tests.Integration/bin/Debug/net8.0/Andy.Settings.Tests.Integration.dll" adapterTypeName="executor://xunit/VsTestRunner2/netcoreapp" className="Andy.Settings.Tests.Integration.SecretApiTests" name="SetSecret_ReturnsCreated" />
    </UnitTest>
    <UnitTest name="Andy.Settings.Tests.Integration.SecretApiTests.DeleteSecret_ReturnsNoContent" storage="/users/samibengrine/devel/rivoli-ai/andy-settings/tests/andy.settings.tests.integration/bin/debug/net8.0/andy.settings.tests.integration.dll" id="9bb62ad8-1e13-4629-2083-aebdf679ed94">
      <Execution id="a06487a5-7da8-4421-93e4-cfb28bd2463b" />
      <TestMethod codeBase="/Users/samibengrine/Devel/rivoli-ai/andy-settings/tests/Andy.Settings.Tests.Integration/bin/Debug/net8.0/Andy.Settings.Tests.Integration.dll" adapterTypeName="executor://xunit/VsTestRunner2/netcoreapp" className="Andy.Settings.Tests.Integration.SecretApiTests" name="DeleteSecret_ReturnsNoContent" />
    </UnitTest>
    <UnitTest name="Andy.Settings.Tests.Integration.EffectiveApiTests.Resolve_ReturnsOkWithEffectiveValue" storage="/users/samibengrine/devel/rivoli-ai/andy-settings/tests/andy.settings.tests.integration/bin/debug/net8.0/andy.settings.tests.integration.dll" id="129f63c8-4cc8-0279-6c74-b28f79a36a5d">
      <Execution id="eba0ab44-6ba5-4982-9f0a-eba48edc9d62" />
      <TestMethod codeBase="/Users/samibengrine/Devel/rivoli-ai/andy-settings/tests/Andy.Settings.Tests.Integration/bin/Debug/net8.0/Andy.Settings.Tests.Integration.dll" adapterTypeName="executor://xunit/VsTestRunner2/netcoreapp" className="Andy.Settings.Tests.Integration.EffectiveApiTests" name="Resolve_ReturnsOkWithEffectiveValue" />
    </UnitTest>
    <UnitTest name="Andy.Settings.Tests.Integration.EffectiveApiTests.Explain_ReturnsOkWithSourceChain" storage="/users/samibengrine/devel/rivoli-ai/andy-settings/tests/andy.settings.tests.integration/bin/debug/net8.0/andy.settings.tests.integration.dll" id="369500e5-15df-7f32-4e6e-1e3a15c3a4ad">
      <Execution id="f200d3a3-05b7-4672-9e7a-e0292d370055" />
      <TestMethod codeBase="/Users/samibengrine/Devel/rivoli-ai/andy-settings/tests/Andy.Settings.Tests.Integration/bin/Debug/net8.0/Andy.Settings.Tests.Integration.dll" adapterTypeName="executor://xunit/VsTestRunner2/netcoreapp" className="Andy.Settings.Tests.Integration.EffectiveApiTests" name="Explain_ReturnsOkWithSourceChain" />
    </UnitTest>
    <UnitTest name="Andy.Settings.Tests.Integration.ValueApiTests.SetValue_ReturnsOk" storage="/users/samibengrine/devel/rivoli-ai/andy-settings/tests/andy.settings.tests.integration/bin/debug/net8.0/andy.settings.tests.integration.dll" id="dc73b797-394d-2757-bcba-fe9e8d47ecef">
      <Execution id="729f0a30-b7f4-4f9a-a4a1-e68297b6554e" />
      <TestMethod codeBase="/Users/samibengrine/Devel/rivoli-ai/andy-settings/tests/Andy.Settings.Tests.Integration/bin/Debug/net8.0/Andy.Settings.Tests.Integration.dll" adapterTypeName="executor://xunit/VsTestRunner2/netcoreapp" className="Andy.Settings.Tests.Integration.ValueApiTests" name="SetValue_ReturnsOk" />
    </UnitTest>
    <UnitTest name="Andy.Settings.Tests.Integration.SecretApiTests.OrdinaryValuesEndpoint_RejectsSecretPlaintext" storage="/users/samibengrine/devel/rivoli-ai/andy-settings/tests/andy.settings.tests.integration/bin/debug/net8.0/andy.settings.tests.integration.dll" id="ea1ce3ff-7a92-0df4-1398-e59ea814fd90">
      <Execution id="a1546cf1-8b07-4307-9cba-0bad48a90888" />
      <TestMethod codeBase="/Users/samibengrine/Devel/rivoli-ai/andy-settings/tests/Andy.Settings.Tests.Integration/bin/Debug/net8.0/Andy.Settings.Tests.Integration.dll" adapterTypeName="executor://xunit/VsTestRunner2/netcoreapp" className="Andy.Settings.Tests.Integration.SecretApiTests" name="OrdinaryValuesEndpoint_RejectsSecretPlaintext" />
    </UnitTest>
    <UnitTest name="Andy.Settings.Tests.Integration.ValueApiTests.ListValues_ReturnsOk" storage="/users/samibengrine/devel/rivoli-ai/andy-settings/tests/andy.settings.tests.integration/bin/debug/net8.0/andy.settings.tests.integration.dll" id="b30b72ee-4367-1307-8727-f89527017698">
      <Execution id="58aeacc4-1f5e-458a-9b26-13390d031d7f" />
      <TestMethod codeBase="/Users/samibengrine/Devel/rivoli-ai/andy-settings/tests/Andy.Settings.Tests.Integration/bin/Debug/net8.0/Andy.Settings.Tests.Integration.dll" adapterTypeName="executor://xunit/VsTestRunner2/netcoreapp" className="Andy.Settings.Tests.Integration.ValueApiTests" name="ListValues_ReturnsOk" />
    </UnitTest>
    <UnitTest name="Andy.Settings.Tests.Integration.Telemetry.AndyTelemetryAdoptionTests.SettingsActivitySource_emits_when_listened_to" storage="/users/samibengrine/devel/rivoli-ai/andy-settings/tests/andy.settings.tests.integration/bin/debug/net8.0/andy.settings.tests.integration.dll" id="c032615a-baa4-fdc9-2df1-37d039c5b4d8">
      <Execution id="e95087b4-c2d2-44c1-a39b-ddca7d331f4b" />
      <TestMethod codeBase="/Users/samibengrine/Devel/rivoli-ai/andy-settings/tests/Andy.Settings.Tests.Integration/bin/Debug/net8.0/Andy.Settings.Tests.Integration.dll" adapterTypeName="executor://xunit/VsTestRunner2/netcoreapp" className="Andy.Settings.Tests.Integration.Telemetry.AndyTelemetryAdoptionTests" name="SettingsActivitySource_emits_when_listened_to" />
    </UnitTest>
    <UnitTest name="Andy.Settings.Tests.Integration.SecretApiTests.RotateSecret_ReturnsOkWithNewValue" storage="/users/samibengrine/devel/rivoli-ai/andy-settings/tests/andy.settings.tests.integration/bin/debug/net8.0/andy.settings.tests.integration.dll" id="8f73e4bf-b4be-60a0-3ce8-a76665d2d03a">
      <Execution id="ffd15b1b-7a53-4ea5-9436-ffa3401c5ea5" />
      <TestMethod codeBase="/Users/samibengrine/Devel/rivoli-ai/andy-settings/tests/Andy.Settings.Tests.Integration/bin/Debug/net8.0/Andy.Settings.Tests.Integration.dll" adapterTypeName="executor://xunit/VsTestRunner2/netcoreapp" className="Andy.Settings.Tests.Integration.SecretApiTests" name="RotateSecret_ReturnsOkWithNewValue" />
    </UnitTest>
    <UnitTest name="Andy.Settings.Tests.Integration.ProviderKeySecretDefinitionTests.SetAnthropicProviderKey_WithManifestSeededDefinition_Succeeds" storage="/users/samibengrine/devel/rivoli-ai/andy-settings/tests/andy.settings.tests.integration/bin/debug/net8.0/andy.settings.tests.integration.dll" id="4b5b17e1-bcab-1847-a0e0-701c311ae380">
      <Execution id="129158f6-4884-459e-bbb6-d02c452b34ef" />
      <TestMethod codeBase="/Users/samibengrine/Devel/rivoli-ai/andy-settings/tests/Andy.Settings.Tests.Integration/bin/Debug/net8.0/Andy.Settings.Tests.Integration.dll" adapterTypeName="executor://xunit/VsTestRunner2/netcoreapp" className="Andy.Settings.Tests.Integration.ProviderKeySecretDefinitionTests" name="SetAnthropicProviderKey_WithManifestSeededDefinition_Succeeds" />
    </UnitTest>
    <UnitTest name="Andy.Settings.Tests.Integration.DefinitionApiTests.DeleteDefinition_WithExistingKey_ReturnsNoContent" storage="/users/samibengrine/devel/rivoli-ai/andy-settings/tests/andy.settings.tests.integration/bin/debug/net8.0/andy.settings.tests.integration.dll" id="1a4a4af9-5613-e969-8d18-2920b5f8895c">
      <Execution id="f39c25ce-79c5-4bec-ac31-3fbf34c50868" />
      <TestMethod codeBase="/Users/samibengrine/Devel/rivoli-ai/andy-settings/tests/Andy.Settings.Tests.Integration/bin/Debug/net8.0/Andy.Settings.Tests.Integration.dll" adapterTypeName="executor://xunit/VsTestRunner2/netcoreapp" className="Andy.Settings.Tests.Integration.DefinitionApiTests" name="DeleteDefinition_WithExistingKey_ReturnsNoContent" />
    </UnitTest>
    <UnitTest name="Andy.Settings.Tests.Integration.Telemetry.AndyTelemetryAdoptionTests.AddAndyTelemetry_registers_settings_source_and_meter" storage="/users/samibengrine/devel/rivoli-ai/andy-settings/tests/andy.settings.tests.integration/bin/debug/net8.0/andy.settings.tests.integration.dll" id="be062374-8aab-326d-978f-3e407b5d8392">
      <Execution id="4b2aa599-f77e-4d32-83d1-ec7abff1e698" />
      <TestMethod codeBase="/Users/samibengrine/Devel/rivoli-ai/andy-settings/tests/Andy.Settings.Tests.Integration/bin/Debug/net8.0/Andy.Settings.Tests.Integration.dll" adapterTypeName="executor://xunit/VsTestRunner2/netcoreapp" className="Andy.Settings.Tests.Integration.Telemetry.AndyTelemetryAdoptionTests" name="AddAndyTelemetry_registers_settings_source_and_meter" />
    </UnitTest>
    <UnitTest name="Andy.Settings.Tests.Integration.DefinitionApiTests.CreateDefinition_ReturnsCreated" storage="/users/samibengrine/devel/rivoli-ai/andy-settings/tests/andy.settings.tests.integration/bin/debug/net8.0/andy.settings.tests.integration.dll" id="1fff3880-b28f-027c-b704-2d2f06c32b2d">
      <Execution id="7176f37b-174f-45d5-a442-5e1e510045d6" />
      <TestMethod codeBase="/Users/samibengrine/Devel/rivoli-ai/andy-settings/tests/Andy.Settings.Tests.Integration/bin/Debug/net8.0/Andy.Settings.Tests.Integration.dll" adapterTypeName="executor://xunit/VsTestRunner2/netcoreapp" className="Andy.Settings.Tests.Integration.DefinitionApiTests" name="CreateDefinition_ReturnsCreated" />
    </UnitTest>
    <UnitTest name="Andy.Settings.Tests.Integration.ProviderKeySecretDefinitionTests.SetProviderKey_ForUndeclaredSlug_StillReturns404" storage="/users/samibengrine/devel/rivoli-ai/andy-settings/tests/andy.settings.tests.integration/bin/debug/net8.0/andy.settings.tests.integration.dll" id="7d0fb8c3-4f9c-997d-912c-2c760f3909b7">
      <Execution id="1b5c9d88-218e-4e8d-a8a3-935c1f9f8330" />
      <TestMethod codeBase="/Users/samibengrine/Devel/rivoli-ai/andy-settings/tests/Andy.Settings.Tests.Integration/bin/Debug/net8.0/Andy.Settings.Tests.Integration.dll" adapterTypeName="executor://xunit/VsTestRunner2/netcoreapp" className="Andy.Settings.Tests.Integration.ProviderKeySecretDefinitionTests" name="SetProviderKey_ForUndeclaredSlug_StillReturns404" />
    </UnitTest>
    <UnitTest name="Andy.Settings.Tests.Integration.HealthTests.GetHealth_ReturnsOk" storage="/users/samibengrine/devel/rivoli-ai/andy-settings/tests/andy.settings.tests.integration/bin/debug/net8.0/andy.settings.tests.integration.dll" id="46d9856a-1e1b-c02a-2c82-9024f96c22b5">
      <Execution id="bfb0c765-c965-4e27-b61b-06184994a8d5" />
      <TestMethod codeBase="/Users/samibengrine/Devel/rivoli-ai/andy-settings/tests/Andy.Settings.Tests.Integration/bin/Debug/net8.0/Andy.Settings.Tests.Integration.dll" adapterTypeName="executor://xunit/VsTestRunner2/netcoreapp" className="Andy.Settings.Tests.Integration.HealthTests" name="GetHealth_ReturnsOk" />
    </UnitTest>
    <UnitTest name="Andy.Settings.Tests.Integration.ExportApiTests.Export_ReturnsOkWithData" storage="/users/samibengrine/devel/rivoli-ai/andy-settings/tests/andy.settings.tests.integration/bin/debug/net8.0/andy.settings.tests.integration.dll" id="2f0216d7-d580-df8f-441c-4adc89f3970e">
      <Execution id="6dc08c6d-c5b3-4e4b-a250-21c1e618bc23" />
      <TestMethod codeBase="/Users/samibengrine/Devel/rivoli-ai/andy-settings/tests/Andy.Settings.Tests.Integration/bin/Debug/net8.0/Andy.Settings.Tests.Integration.dll" adapterTypeName="executor://xunit/VsTestRunner2/netcoreapp" className="Andy.Settings.Tests.Integration.ExportApiTests" name="Export_ReturnsOkWithData" />
    </UnitTest>
    <UnitTest name="Andy.Settings.Tests.Integration.ExportApiTests.Preview_RejectsPlaintextSecretAssignments" storage="/users/samibengrine/devel/rivoli-ai/andy-settings/tests/andy.settings.tests.integration/bin/debug/net8.0/andy.settings.tests.integration.dll" id="e57e9bda-aad8-d3b7-5a7e-1fb2cd88f96a">
      <Execution id="6d523963-0c94-41b8-b1c3-1c3038a6b455" />
      <TestMethod codeBase="/Users/samibengrine/Devel/rivoli-ai/andy-settings/tests/Andy.Settings.Tests.Integration/bin/Debug/net8.0/Andy.Settings.Tests.Integration.dll" adapterTypeName="executor://xunit/VsTestRunner2/netcoreapp" className="Andy.Settings.Tests.Integration.ExportApiTests" name="Preview_RejectsPlaintextSecretAssignments" />
    </UnitTest>
    <UnitTest name="Andy.Settings.Tests.Integration.Telemetry.AndyTelemetryAdoptionTests.ResolutionsCounter_isOnTheCanonicalMeter" storage="/users/samibengrine/devel/rivoli-ai/andy-settings/tests/andy.settings.tests.integration/bin/debug/net8.0/andy.settings.tests.integration.dll" id="0f9353c5-041a-0f5c-0003-f90a6755a6bc">
      <Execution id="be6762da-3d8b-4ef8-8877-fb1ce9111443" />
      <TestMethod codeBase="/Users/samibengrine/Devel/rivoli-ai/andy-settings/tests/Andy.Settings.Tests.Integration/bin/Debug/net8.0/Andy.Settings.Tests.Integration.dll" adapterTypeName="executor://xunit/VsTestRunner2/netcoreapp" className="Andy.Settings.Tests.Integration.Telemetry.AndyTelemetryAdoptionTests" name="ResolutionsCounter_isOnTheCanonicalMeter" />
    </UnitTest>
    <UnitTest name="Andy.Settings.Tests.Integration.Messaging.Ak1GuardTests.Program_throws_when_provider_is_inmemory_outside_development(env: &quot;Embedded&quot;)" storage="/users/samibengrine/devel/rivoli-ai/andy-settings/tests/andy.settings.tests.integration/bin/debug/net8.0/andy.settings.tests.integration.dll" id="4791cc9a-acfd-012a-bdd0-98d1b6ed1d7b">
      <Execution id="c653c0a2-aa15-4dee-a02e-ef6503a66fb6" />
      <TestMethod codeBase="/Users/samibengrine/Devel/rivoli-ai/andy-settings/tests/Andy.Settings.Tests.Integration/bin/Debug/net8.0/Andy.Settings.Tests.Integration.dll" adapterTypeName="executor://xunit/VsTestRunner2/netcoreapp" className="Andy.Settings.Tests.Integration.Messaging.Ak1GuardTests" name="Program_throws_when_provider_is_inmemory_outside_development" />
    </UnitTest>
    <UnitTest name="Andy.Settings.Tests.Integration.Messaging.Ak1GuardTests.Program_throws_when_provider_is_inmemory_outside_development(env: &quot;Production&quot;)" storage="/users/samibengrine/devel/rivoli-ai/andy-settings/tests/andy.settings.tests.integration/bin/debug/net8.0/andy.settings.tests.integration.dll" id="e8b841e2-07e4-9563-78d7-a105dad70ee6">
      <Execution id="73697486-55db-44bd-ad1b-30ca0e5a351e" />
      <TestMethod codeBase="/Users/samibengrine/Devel/rivoli-ai/andy-settings/tests/Andy.Settings.Tests.Integration/bin/Debug/net8.0/Andy.Settings.Tests.Integration.dll" adapterTypeName="executor://xunit/VsTestRunner2/netcoreapp" className="Andy.Settings.Tests.Integration.Messaging.Ak1GuardTests" name="Program_throws_when_provider_is_inmemory_outside_development" />
    </UnitTest>
    <UnitTest name="Andy.Settings.Tests.Integration.EffectiveApiTests.SettingUserScopedValue_ChangesEffectiveValueForThatUser" storage="/users/samibengrine/devel/rivoli-ai/andy-settings/tests/andy.settings.tests.integration/bin/debug/net8.0/andy.settings.tests.integration.dll" id="a8ccac9c-3286-98af-ae59-69c94f73b27b">
      <Execution id="f03e2d7f-7737-47da-8c3f-189878cd03f9" />
      <TestMethod codeBase="/Users/samibengrine/Devel/rivoli-ai/andy-settings/tests/Andy.Settings.Tests.Integration/bin/Debug/net8.0/Andy.Settings.Tests.Integration.dll" adapterTypeName="executor://xunit/VsTestRunner2/netcoreapp" className="Andy.Settings.Tests.Integration.EffectiveApiTests" name="SettingUserScopedValue_ChangesEffectiveValueForThatUser" />
    </UnitTest>
    <UnitTest name="Andy.Settings.Tests.Integration.ValueApiTests.DeleteValue_ReturnsNoContent" storage="/users/samibengrine/devel/rivoli-ai/andy-settings/tests/andy.settings.tests.integration/bin/debug/net8.0/andy.settings.tests.integration.dll" id="ea5ad544-7334-28ae-366b-c65c868e08b5">
      <Execution id="c6048b74-b48e-4cb7-8dbe-cf5b1ccb3a4c" />
      <TestMethod codeBase="/Users/samibengrine/Devel/rivoli-ai/andy-settings/tests/Andy.Settings.Tests.Integration/bin/Debug/net8.0/Andy.Settings.Tests.Integration.dll" adapterTypeName="executor://xunit/VsTestRunner2/netcoreapp" className="Andy.Settings.Tests.Integration.ValueApiTests" name="DeleteValue_ReturnsNoContent" />
    </UnitTest>
    <UnitTest name="Andy.Settings.Tests.Integration.Messaging.Ak1GuardTests.Program_boots_when_environment_is_development" storage="/users/samibengrine/devel/rivoli-ai/andy-settings/tests/andy.settings.tests.integration/bin/debug/net8.0/andy.settings.tests.integration.dll" id="bc2bf7d4-7f7c-000c-0ba2-99be073818b1">
      <Execution id="4f36b04d-30c6-448f-8c29-4c5b475e8be0" />
      <TestMethod codeBase="/Users/samibengrine/Devel/rivoli-ai/andy-settings/tests/Andy.Settings.Tests.Integration/bin/Debug/net8.0/Andy.Settings.Tests.Integration.dll" adapterTypeName="executor://xunit/VsTestRunner2/netcoreapp" className="Andy.Settings.Tests.Integration.Messaging.Ak1GuardTests" name="Program_boots_when_environment_is_development" />
    </UnitTest>
    <UnitTest name="Andy.Settings.Tests.Integration.ExportApiTests.PreviewAndImport_AppliesValidatedDocument" storage="/users/samibengrine/devel/rivoli-ai/andy-settings/tests/andy.settings.tests.integration/bin/debug/net8.0/andy.settings.tests.integration.dll" id="09fefc8c-8fe2-20c9-8d43-17556e1a58fc">
      <Execution id="afda19ea-1a24-4b07-92c7-ea7216bf34a0" />
      <TestMethod codeBase="/Users/samibengrine/Devel/rivoli-ai/andy-settings/tests/Andy.Settings.Tests.Integration/bin/Debug/net8.0/Andy.Settings.Tests.Integration.dll" adapterTypeName="executor://xunit/VsTestRunner2/netcoreapp" className="Andy.Settings.Tests.Integration.ExportApiTests" name="PreviewAndImport_AppliesValidatedDocument" />
    </UnitTest>
    <UnitTest name="Andy.Settings.Tests.Integration.AuditApiTests.GetAudit_ReturnsOk" storage="/users/samibengrine/devel/rivoli-ai/andy-settings/tests/andy.settings.tests.integration/bin/debug/net8.0/andy.settings.tests.integration.dll" id="d0f38aac-eb2c-0552-fa1f-14a34782bbc6">
      <Execution id="8f542b4e-a75a-4e6b-882b-b29ecdcfcff2" />
      <TestMethod codeBase="/Users/samibengrine/Devel/rivoli-ai/andy-settings/tests/Andy.Settings.Tests.Integration/bin/Debug/net8.0/Andy.Settings.Tests.Integration.dll" adapterTypeName="executor://xunit/VsTestRunner2/netcoreapp" className="Andy.Settings.Tests.Integration.AuditApiTests" name="GetAudit_ReturnsOk" />
    </UnitTest>
    <UnitTest name="Andy.Settings.Tests.Integration.Messaging.OutboxEmissionTests.Setting_a_value_writes_outbox_row_with_app_scoped_subject" storage="/users/samibengrine/devel/rivoli-ai/andy-settings/tests/andy.settings.tests.integration/bin/debug/net8.0/andy.settings.tests.integration.dll" id="a2a8fb13-4854-ca63-db91-2ac82c54e654">
      <Execution id="380aa28e-f1c4-4648-8334-a3feeb0aa83b" />
      <TestMethod codeBase="/Users/samibengrine/Devel/rivoli-ai/andy-settings/tests/Andy.Settings.Tests.Integration/bin/Debug/net8.0/Andy.Settings.Tests.Integration.dll" adapterTypeName="executor://xunit/VsTestRunner2/netcoreapp" className="Andy.Settings.Tests.Integration.Messaging.OutboxEmissionTests" name="Setting_a_value_writes_outbox_row_with_app_scoped_subject" />
    </UnitTest>
  </TestDefinitions>
  <TestEntries>
    <TestEntry testId="dc73b797-394d-2757-bcba-fe9e8d47ecef" executionId="729f0a30-b7f4-4f9a-a4a1-e68297b6554e" testListId="8c84fa94-04c1-424b-9868-57a2d4851a1d" />
    <TestEntry testId="b0f2893d-7dfb-5fc6-8f4f-2765996d403b" executionId="c7ec5472-8d9d-4436-8e66-8cfce6607ccd" testListId="8c84fa94-04c1-424b-9868-57a2d4851a1d" />
    <TestEntry testId="be062374-8aab-326d-978f-3e407b5d8392" executionId="4b2aa599-f77e-4d32-83d1-ec7abff1e698" testListId="8c84fa94-04c1-424b-9868-57a2d4851a1d" />
    <TestEntry testId="c49caf7e-9486-cd33-5ba1-3bca056eb944" executionId="159d4672-8245-4c1a-9dc5-889953f616e9" testListId="8c84fa94-04c1-424b-9868-57a2d4851a1d" />
    <TestEntry testId="46d9856a-1e1b-c02a-2c82-9024f96c22b5" executionId="bfb0c765-c965-4e27-b61b-06184994a8d5" testListId="8c84fa94-04c1-424b-9868-57a2d4851a1d" />
    <TestEntry testId="7d0fb8c3-4f9c-997d-912c-2c760f3909b7" executionId="1b5c9d88-218e-4e8d-a8a3-935c1f9f8330" testListId="8c84fa94-04c1-424b-9868-57a2d4851a1d" />
    <TestEntry testId="1fff3880-b28f-027c-b704-2d2f06c32b2d" executionId="7176f37b-174f-45d5-a442-5e1e510045d6" testListId="8c84fa94-04c1-424b-9868-57a2d4851a1d" />
    <TestEntry testId="09fefc8c-8fe2-20c9-8d43-17556e1a58fc" executionId="afda19ea-1a24-4b07-92c7-ea7216bf34a0" testListId="8c84fa94-04c1-424b-9868-57a2d4851a1d" />
    <TestEntry testId="4791cc9a-acfd-012a-bdd0-98d1b6ed1d7b" executionId="c653c0a2-aa15-4dee-a02e-ef6503a66fb6" testListId="8c84fa94-04c1-424b-9868-57a2d4851a1d" />
    <TestEntry testId="2f0216d7-d580-df8f-441c-4adc89f3970e" executionId="6dc08c6d-c5b3-4e4b-a250-21c1e618bc23" testListId="8c84fa94-04c1-424b-9868-57a2d4851a1d" />
    <TestEntry testId="8f73e4bf-b4be-60a0-3ce8-a76665d2d03a" executionId="ffd15b1b-7a53-4ea5-9436-ffa3401c5ea5" testListId="8c84fa94-04c1-424b-9868-57a2d4851a1d" />
    <TestEntry testId="369500e5-15df-7f32-4e6e-1e3a15c3a4ad" executionId="f200d3a3-05b7-4672-9e7a-e0292d370055" testListId="8c84fa94-04c1-424b-9868-57a2d4851a1d" />
    <TestEntry testId="335705f9-36fc-6a18-c002-c8bbe1c3dd05" executionId="08dde69f-3e25-425d-b15d-8e7fa5691254" testListId="8c84fa94-04c1-424b-9868-57a2d4851a1d" />
    <TestEntry testId="7eb82d33-8ac6-12f9-bbcf-4e0b059a91cf" executionId="d5b314a7-fb8e-4fa5-9696-7ce6caf1cf04" testListId="8c84fa94-04c1-424b-9868-57a2d4851a1d" />
    <TestEntry testId="9bb62ad8-1e13-4629-2083-aebdf679ed94" executionId="a06487a5-7da8-4421-93e4-cfb28bd2463b" testListId="8c84fa94-04c1-424b-9868-57a2d4851a1d" />
    <TestEntry testId="ea5ad544-7334-28ae-366b-c65c868e08b5" executionId="c6048b74-b48e-4cb7-8dbe-cf5b1ccb3a4c" testListId="8c84fa94-04c1-424b-9868-57a2d4851a1d" />
    <TestEntry testId="4b5b17e1-bcab-1847-a0e0-701c311ae380" executionId="129158f6-4884-459e-bbb6-d02c452b34ef" testListId="8c84fa94-04c1-424b-9868-57a2d4851a1d" />
    <TestEntry testId="e8b841e2-07e4-9563-78d7-a105dad70ee6" executionId="73697486-55db-44bd-ad1b-30ca0e5a351e" testListId="8c84fa94-04c1-424b-9868-57a2d4851a1d" />
    <TestEntry testId="1a4a4af9-5613-e969-8d18-2920b5f8895c" executionId="f39c25ce-79c5-4bec-ac31-3fbf34c50868" testListId="8c84fa94-04c1-424b-9868-57a2d4851a1d" />
    <TestEntry testId="bc2bf7d4-7f7c-000c-0ba2-99be073818b1" executionId="4f36b04d-30c6-448f-8c29-4c5b475e8be0" testListId="8c84fa94-04c1-424b-9868-57a2d4851a1d" />
    <TestEntry testId="e57e9bda-aad8-d3b7-5a7e-1fb2cd88f96a" executionId="6d523963-0c94-41b8-b1c3-1c3038a6b455" testListId="8c84fa94-04c1-424b-9868-57a2d4851a1d" />
    <TestEntry testId="e0c8eb6e-bf13-7a29-3a17-4fce9f7a5589" executionId="3b9e3c51-e2da-4cb2-8508-4144b13df72b" testListId="8c84fa94-04c1-424b-9868-57a2d4851a1d" />
    <TestEntry testId="a2a8fb13-4854-ca63-db91-2ac82c54e654" executionId="380aa28e-f1c4-4648-8334-a3feeb0aa83b" testListId="8c84fa94-04c1-424b-9868-57a2d4851a1d" />
    <TestEntry testId="d0f38aac-eb2c-0552-fa1f-14a34782bbc6" executionId="8f542b4e-a75a-4e6b-882b-b29ecdcfcff2" testListId="8c84fa94-04c1-424b-9868-57a2d4851a1d" />
    <TestEntry testId="c289163b-ceb0-d29f-3c53-7183f57b83cf" executionId="89a20044-c4ab-4346-8f04-a95bd08f16aa" testListId="8c84fa94-04c1-424b-9868-57a2d4851a1d" />
    <TestEntry testId="c032615a-baa4-fdc9-2df1-37d039c5b4d8" executionId="e95087b4-c2d2-44c1-a39b-ddca7d331f4b" testListId="8c84fa94-04c1-424b-9868-57a2d4851a1d" />
    <TestEntry testId="f34019f2-8f32-2a35-5c89-855f36467235" executionId="5b361e05-8380-4e6c-99ea-e3fcba9874ca" testListId="8c84fa94-04c1-424b-9868-57a2d4851a1d" />
    <TestEntry testId="0f9353c5-041a-0f5c-0003-f90a6755a6bc" executionId="be6762da-3d8b-4ef8-8877-fb1ce9111443" testListId="8c84fa94-04c1-424b-9868-57a2d4851a1d" />
    <TestEntry testId="a8ccac9c-3286-98af-ae59-69c94f73b27b" executionId="f03e2d7f-7737-47da-8c3f-189878cd03f9" testListId="8c84fa94-04c1-424b-9868-57a2d4851a1d" />
    <TestEntry testId="129f63c8-4cc8-0279-6c74-b28f79a36a5d" executionId="eba0ab44-6ba5-4982-9f0a-eba48edc9d62" testListId="8c84fa94-04c1-424b-9868-57a2d4851a1d" />
    <TestEntry testId="197e7472-5d0b-27db-a774-eafc818bb5c4" executionId="10acfe0f-24e5-4307-90b9-c17adc078cb8" testListId="8c84fa94-04c1-424b-9868-57a2d4851a1d" />
    <TestEntry testId="a2082fd5-964b-e57f-a027-bed89b6b229c" executionId="afe2b59b-4f26-488f-b0bf-e8bb492ab723" testListId="8c84fa94-04c1-424b-9868-57a2d4851a1d" />
    <TestEntry testId="b30b72ee-4367-1307-8727-f89527017698" executionId="58aeacc4-1f5e-458a-9b26-13390d031d7f" testListId="8c84fa94-04c1-424b-9868-57a2d4851a1d" />
    <TestEntry testId="7f0cc36a-c5fa-e490-2f4a-4399d26aca69" executionId="f2332876-132d-44ed-a1ea-7ab0a83e1054" testListId="8c84fa94-04c1-424b-9868-57a2d4851a1d" />
    <TestEntry testId="1cac3bfa-7602-a726-94a1-ad194a6bdd52" executionId="d3c99225-f979-4a5e-b828-f731e08cbf64" testListId="8c84fa94-04c1-424b-9868-57a2d4851a1d" />
    <TestEntry testId="32b2e4f0-b05e-6fd6-cbe6-b30e9c3f6b54" executionId="f8ab3bc7-b16b-45c9-a4b0-514a0f18cb5a" testListId="8c84fa94-04c1-424b-9868-57a2d4851a1d" />
    <TestEntry testId="8d88cb41-786f-f1f6-4348-ac8871578eac" executionId="65b3f9a7-d713-4f37-9b6a-67b66437b834" testListId="8c84fa94-04c1-424b-9868-57a2d4851a1d" />
    <TestEntry testId="ea1ce3ff-7a92-0df4-1398-e59ea814fd90" executionId="a1546cf1-8b07-4307-9cba-0bad48a90888" testListId="8c84fa94-04c1-424b-9868-57a2d4851a1d" />
    <TestEntry testId="25e22a4b-5a97-457d-b6ef-ec3189b6dc0a" executionId="7647c7ce-8143-49df-b398-e053597549cf" testListId="8c84fa94-04c1-424b-9868-57a2d4851a1d" />
  </TestEntries>
  <TestLists>
    <TestList name="Results Not in a List" id="8c84fa94-04c1-424b-9868-57a2d4851a1d" />
    <TestList name="All Loaded Results" id="19431567-8539-422a-85d7-44ee4e166bda" />
  </TestLists>
  <ResultSummary outcome="Completed">
    <Counters total="39" executed="39" passed="39" failed="0" error="0" timeout="0" aborted="0" inconclusive="0" passedButRunAborted="0" notRunnable="0" notExecuted="0" disconnected="0" warning="0" completed="0" inProgress="0" pending="0" />
    <Output>
      <StdOut>[xUnit.net 00:00:00.00] xUnit.net VSTest Adapter v2.5.3.1+6b60a9e56a (64-bit .NET 8.0.6)
[xUnit.net 00:00:00.09]   Discovering: Andy.Settings.Tests.Integration
[xUnit.net 00:00:00.14]   Discovered:  Andy.Settings.Tests.Integration
[xUnit.net 00:00:00.15]   Starting:    Andy.Settings.Tests.Integration
[xUnit.net 00:00:03.87]   Finished:    Andy.Settings.Tests.Integration
</StdOut>
    </Output>
  </ResultSummary>
</TestRun>